// Jest Snapshot v1, https://goo.gl/fbAQLP

exports[`Header renders correctly 1`] = `
Array [
  <header
    className="header  u-shadow--1"
  >
    <a
      aria-current="page"
      className="title"
      href="/"
      onClick={[Function]}
      onMouseEnter={[Function]}
      style={Object {}}
    >
      <img
        alt=""
        className="logo"
        src={Object {}}
      />
    </a>
    <nav>
      <a
        aria-current="page"
        className=""
        href="/"
        onClick={[Function]}
        onMouseEnter={[Function]}
        style={Object {}}
      >
        Home
      </a>
      <a
        href="/blog/"
        onClick={[Function]}
        onMouseEnter={[Function]}
      >
        Blog
      </a>
      <a
        href="/learning-resources/"
        onClick={[Function]}
        onMouseEnter={[Function]}
      >
        Resources
      </a>
      <a
        href="/upcoming-talks/"
        onClick={[Function]}
        onMouseEnter={[Function]}
      >
        Upcoming Talks
      </a>
    </nav>
  </header>,
  <div
    className="fab u-shadow--3"
    onClick={[Function]}
  >
    <img
      alt="menu button"
      src={Object {}}
    />
  </div>,
]
`;
